<!DOCTYPE html><html lang="ru"><head>
    <meta charset="utf-8">
    <title>Курсы по программированию Хекслет</title>
    <link rel="stylesheet" href="hexlet-io-courses_files/hexlet-io-index.css">
  </head>
  <body>
    <h1>Node.js-программист</h1>
    <img src="hexlet-io-courses_files/hexlet-io-img.png" alt="Иконка профессии Node.js-программист">
    <script src="hexlet-io-courses_files/hexlet-io-index.js"></script>
    <script src=""></script>
    <script src="https://google.com"></script>
  

</body></html>
